Copyright 1986-2017 Xilinx, Inc. All Rights Reserved.
-------------------------------------------------------------------------------------
| Tool Version : Vivado v.2017.1 (lin64) Build 1846317 Fri Apr 14 18:54:47 MDT 2017
| Date         : Thu May  4 19:57:51 2017
| Host         : asbestos running 64-bit Ubuntu 17.04
| Command      : report_control_sets -verbose -file toplevel_control_sets_placed.rpt
| Design       : toplevel
| Device       : xc7a200t
-------------------------------------------------------------------------------------

Control Set Information

Table of Contents
-----------------
1. Summary
2. Flip-Flop Distribution
3. Detailed Control Set Information

1. Summary
----------

+----------------------------------------------------------+-------+
|                          Status                          | Count |
+----------------------------------------------------------+-------+
| Number of unique control sets                            |    17 |
| Unused register locations in slices containing registers |    45 |
+----------------------------------------------------------+-------+


2. Flip-Flop Distribution
-------------------------

+--------------+-----------------------+------------------------+-----------------+--------------+
| Clock Enable | Synchronous Set/Reset | Asynchronous Set/Reset | Total Registers | Total Slices |
+--------------+-----------------------+------------------------+-----------------+--------------+
| No           | No                    | No                     |              31 |           17 |
| No           | No                    | Yes                    |               0 |            0 |
| No           | Yes                   | No                     |           18247 |         4682 |
| Yes          | No                    | No                     |             119 |           36 |
| Yes          | No                    | Yes                    |               0 |            0 |
| Yes          | Yes                   | No                     |              62 |           24 |
+--------------+-----------------------+------------------------+-----------------+--------------+


3. Detailed Control Set Information
-----------------------------------

+----------------------------------------------+---------------------------------+--------------------------+------------------+----------------+
|                 Clock Signal                 |          Enable Signal          |     Set/Reset Signal     | Slice Load Count | Bel Load Count |
+----------------------------------------------+---------------------------------+--------------------------+------------------+----------------+
| ~bclkmon/bclk_BUFG                           |                                 |                          |                1 |              1 |
|  fsmclkmon/fsmclk                            |                                 |                          |                2 |              2 |
| ~serialkclkmon/FSM_onehot_curstate_reg[4][0] | codec/adaui2c/__0/i__n_0        | codec/i2cstart_reg_n_0   |                1 |              3 |
|  bclkmon/bclk_BUFG                           |                                 |                          |                3 |              3 |
| ~serialkclkmon/FSM_onehot_curstate_reg[4][0] | codec/adaui2c/__2/i__n_0        | codec/i2cstart_reg_n_0   |                2 |              5 |
|  clkmon0/inst/clk_out1                       |                                 | bclkmon/count[4]_i_1_n_0 |                1 |              5 |
|  fsmclkmon/fsmclk                            | codec/curstate_n_0              | led_OBUF[0]              |                3 |              6 |
| ~serialkclkmon/FSM_onehot_curstate_reg[4][0] | codec/adaui2c/curbit[7]_i_1_n_0 |                          |                3 |              8 |
|  fsmclkmon/fsmclk                            | codec/i2cdata[61]_i_1_n_0       |                          |               10 |             15 |
|  clkmon0/inst/clk_out1                       |                                 | fsmclkmon/outclk         |                5 |             18 |
|  clkmon0/inst/clk_out1                       |                                 |                          |               11 |             25 |
| ~bclkmon/bclk_BUFG                           | rx/left[31]_i_1__0_n_0          |                          |                6 |             25 |
| ~bclkmon/bclk_BUFG                           | rx/lrclk_r                      |                          |                9 |             25 |
|  bclkmon/bclk_BUFG                           |                                 | tx/bit_cnt[0]_i_1_n_0    |                8 |             32 |
|  bclkmon/bclk_BUFG                           | tx/left[31]_i_1_n_0             |                          |               10 |             48 |
| ~bclkmon/bclk_BUFG                           | rx/E[0]                         | codec/left_chan_reg[8]   |               18 |             48 |
| ~lrclk_gen_BUFG                              |                                 | led_OBUF[0]              |             4668 |          18192 |
+----------------------------------------------+---------------------------------+--------------------------+------------------+----------------+


+--------+-----------------------+
| Fanout | Number of ControlSets |
+--------+-----------------------+
| 1      |                     1 |
| 2      |                     1 |
| 3      |                     2 |
| 5      |                     2 |
| 6      |                     1 |
| 8      |                     1 |
| 15     |                     1 |
| 16+    |                     8 |
+--------+-----------------------+


