#-----------------------------------------------------------
# Vivado v2017.1 (64-bit)
# SW Build 1846317 on Fri Apr 14 18:55:03 MDT 2017
# IP Build 1846188 on Fri Apr 14 20:52:08 MDT 2017
# Start of session at: Thu May 11 02:09:28 2017
# Process ID: 192
# Current directory: C:/Users/yanni/Documents/18.335/finalproj/DSP
# Command line: vivado.exe -gui_launcher_event rodinguilauncherevent2912 C:\Users\yanni\Documents\18.335\finalproj\DSP\DSP.xpr
# Log file: C:/Users/yanni/Documents/18.335/finalproj/DSP/vivado.log
# Journal file: C:/Users/yanni/Documents/18.335/finalproj/DSP\vivado.jou
#-----------------------------------------------------------
start_gui
open_project C:/Users/yanni/Documents/18.335/finalproj/DSP/DSP.xpr
update_compile_order -fileset sources_1
import_files -norecurse {C:/Users/yanni/Documents/MATLAB/chirp_fixed.mem C:/Users/yanni/Documents/MATLAB/chirp_float.mem}
remove_files  C:/Users/yanni/Documents/18.335/finalproj/DSP/DSP.srcs/sources_1/imports/MATLAB/chirp_fixed.mem
file delete -force C:/Users/yanni/Documents/18.335/finalproj/DSP/DSP.srcs/sources_1/imports/MATLAB/chirp_fixed.mem
import_files -norecurse C:/Users/yanni/Documents/MATLAB/chirp_fixed.mem
import_files -force -norecurse C:/Users/yanni/Documents/MATLAB/chirp_fixed.mem
