#-----------------------------------------------------------
# Vivado v2017.1 (64-bit)
# SW Build 1846317 on Fri Apr 14 18:55:03 MDT 2017
# IP Build 1846188 on Fri Apr 14 20:52:08 MDT 2017
# Start of session at: Thu May 11 02:03:25 2017
# Process ID: 4260
# Current directory: C:/Users/yanni/Documents/18.335/finalproj/DSP
# Command line: vivado.exe -gui_launcher_event rodinguilauncherevent3256 C:\Users\yanni\Documents\18.335\finalproj\DSP\DSP.xpr
# Log file: C:/Users/yanni/Documents/18.335/finalproj/DSP/vivado.log
# Journal file: C:/Users/yanni/Documents/18.335/finalproj/DSP\vivado.jou
#-----------------------------------------------------------
start_gui
open_project C:/Users/yanni/Documents/18.335/finalproj/DSP/DSP.xpr
update_compile_order -fileset sources_1
set_property SOURCE_SET sources_1 [get_filesets sim_1]
import_files -fileset sim_1 -norecurse C:/Users/yanni/Desktop/OGTestBench.v
update_compile_order -fileset sim_1
# Disabling source management mode.  This is to allow the top design properties to be set without GUI intervention.
set_property source_mgmt_mode None [current_project]
set_property top OGTestBench [get_filesets sim_1]
set_property top_lib xil_defaultlib [get_filesets sim_1]
# Re-enabling previously disabled source management mode.
set_property source_mgmt_mode All [current_project]
update_compile_order -fileset sim_1
