Copyright 1986-2016 Xilinx, Inc. All Rights Reserved.
-------------------------------------------------------------------------------------
| Tool Version : Vivado v.2016.4 (win64) Build 1756540 Mon Jan 23 19:11:23 MST 2017
| Date         : Fri Apr 14 20:47:27 2017
| Host         : DESKTOP-H30IADK running 64-bit major release  (build 9200)
| Command      : report_control_sets -verbose -file toplevel_control_sets_placed.rpt
| Design       : toplevel
| Device       : xc7a200t
-------------------------------------------------------------------------------------

Control Set Information

Table of Contents
-----------------
1. Summary
2. Flip-Flop Distribution
3. Detailed Control Set Information

1. Summary
----------

+----------------------------------------------------------+-------+
|                          Status                          | Count |
+----------------------------------------------------------+-------+
| Number of unique control sets                            |    10 |
| Unused register locations in slices containing registers |    30 |
+----------------------------------------------------------+-------+


2. Flip-Flop Distribution
-------------------------

+--------------+-----------------------+------------------------+-----------------+--------------+
| Clock Enable | Synchronous Set/Reset | Asynchronous Set/Reset | Total Registers | Total Slices |
+--------------+-----------------------+------------------------+-----------------+--------------+
| No           | No                    | No                     |              19 |            9 |
| No           | No                    | Yes                    |               0 |            0 |
| No           | Yes                   | No                     |              33 |            8 |
| Yes          | No                    | No                     |              15 |            5 |
| Yes          | No                    | Yes                    |               0 |            0 |
| Yes          | Yes                   | No                     |              15 |            7 |
+--------------+-----------------------+------------------------+-----------------+--------------+


3. Detailed Control Set Information
-----------------------------------

+----------------------------------------------+---------------------------+--------------------------+------------------+----------------+
|                 Clock Signal                 |       Enable Signal       |     Set/Reset Signal     | Slice Load Count | Bel Load Count |
+----------------------------------------------+---------------------------+--------------------------+------------------+----------------+
|  fsmclkmon/FSM_sequential_curstate_reg[5][0] |                           |                          |                2 |              2 |
| ~codec/serialclkmon/clk9600                  | codec/configbus/sda_n_0   | led_OBUF[0]              |                1 |              2 |
| ~codec/serialclkmon/clk9600                  |                           |                          |                2 |              3 |
|  clkmon0/inst/clk_out1                       |                           | bclkmon/count[4]_i_1_n_0 |                1 |              5 |
|  fsmclkmon/FSM_sequential_curstate_reg[5][0] | codec/curstate__0         | led_OBUF[0]              |                2 |              6 |
| ~codec/serialclkmon/clk9600                  | codec/configbus/count_n_0 | led_OBUF[0]              |                4 |              7 |
| ~clkmon0/inst/clk_out1                       |                           | led_OBUF[0]              |                3 |             13 |
|  clkmon0/inst/clk_out1                       |                           |                          |                5 |             14 |
|  fsmclkmon/FSM_sequential_curstate_reg[5][0] | codec/data[7]_i_1_n_0     |                          |                5 |             15 |
|  clkmon0/inst/clk_out1                       |                           | fsmclkmon/output_reg     |                4 |             15 |
+----------------------------------------------+---------------------------+--------------------------+------------------+----------------+


+--------+-----------------------+
| Fanout | Number of ControlSets |
+--------+-----------------------+
| 2      |                     2 |
| 3      |                     1 |
| 5      |                     1 |
| 6      |                     1 |
| 7      |                     1 |
| 13     |                     1 |
| 14     |                     1 |
| 15     |                     2 |
+--------+-----------------------+


